1. Запускаем тест из описания задачи

admin@i-0977f6f0022ace403:~$ curl 10.43.216.196
curl: (7) Failed to connect to 10.43.216.196 port 80: Connection refused

2. Получаем список подов

admin@i-0977f6f0022ace403:~$ kubectl get pods
NAME                                READY   STATUS    RESTARTS   AGE
nginx-deployment-67699598cc-zhf7w   0/1     Pending   0          18d

3. Смотрим сведения о поде

admin@i-0977f6f0022ace403:~$ kubectl describe pods -l app=nginx
Name:             nginx-deployment-67699598cc-zhf7w
Namespace:        default
Priority:         0
Service Account:  default
Node:             <none>
Labels:           app=nginx
                  pod-template-hash=67699598cc
Annotations:      <none>
Status:           Pending
IP:
IPs:              <none>
Controlled By:    ReplicaSet/nginx-deployment-67699598cc
Containers:
  nginx:
    Image:      localhost:5000/nginx
    Port:       80/TCP
    Host Port:  0/TCP
    Limits:
      cpu:     100m
      memory:  2000Mi
    Requests:
      cpu:        100m
      memory:     2000Mi
    Environment:  <none>
    Mounts:
      /var/run/secrets/kubernetes.io/serviceaccount from kube-api-access-mxwxm (ro)
Conditions:
  Type           Status
  PodScheduled   False
Volumes:
  kube-api-access-mxwxm:
    Type:                    Projected (a volume that contains injected data from multiple sources)
    TokenExpirationSeconds:  3607
    ConfigMapName:           kube-root-ca.crt
    ConfigMapOptional:       <nil>
    DownwardAPI:             true
QoS Class:                   Guaranteed
Node-Selectors:              disk=ssd
Tolerations:                 node.kubernetes.io/not-ready:NoExecute op=Exists for 300s
                             node.kubernetes.io/unreachable:NoExecute op=Exists for 300s
Events:
  Type     Reason            Age                From               Message
  ----     ------            ----               ----               -------
  Warning  FailedScheduling  18d                default-scheduler  0/1 nodes are available: 1 node(s) didn't match Pod's node affinity/selector. preemption: 0/1 nodes are available: 1 Preemption is not helpful for scheduling..
  Warning  FailedScheduling  3s (x2 over 5m3s)  default-scheduler  0/1 nodes are available: 1 node(s) didn't match Pod's node affinity/selector. preemption: 0/1 nodes are available: 1 Preemption is not helpful for scheduling..

4. Смотрим список лейблов принадлежащих ноде

admin@i-0977f6f0022ace403:~$ kubectl get nodes --show-labels
NAME    STATUS   ROLES                  AGE   VERSION        LABELS
node1   Ready    control-plane,master   21d   v1.28.4+k3s2   beta.kubernetes.io/arch=amd64,beta.kubernetes.io/instance-type=k3s,beta.kubernetes.io/os=linux,kubernetes.io/arch=amd64,kubernetes.io/hostname=node1,kubernetes.io/os=linux,node-role.kubernetes.io/control-plane=true,node-role.kubernetes.io/master=true,node.kubernetes.io/instance-type=k3s

5. Назначаем лейбл disk=ssd на рабочую ноду

admin@i-0977f6f0022ace403:~$ kubectl label nodes node1 disk=ssd
node/node1 labeled

6. Проверяем что лейбл назначился

admin@i-0977f6f0022ace403:~$ kubectl get nodes --show-labels
NAME    STATUS   ROLES                  AGE   VERSION        LABELS
node1   Ready    control-plane,master   21d   v1.28.4+k3s2   beta.kubernetes.io/arch=amd64,beta.kubernetes.io/instance-type=k3s,beta.kubernetes.io/os=linux,disk=ssd,kubernetes.io/arch=amd64,kubernetes.io/hostname=node1,kubernetes.io/os=linux,node-role.kubernetes.io/control-plane=true,node-role.kubernetes.io/master=true,node.kubernetes.io/instance-type=k3s

7. Редактируем файл ~/manifest.yml , уменьшая кол-во памяти для requests, limits и применяем манифест.

admin@i-0708f24f57ea2faf3:~$ kubectl apply -f manifest.yml
deployment.apps/nginx-deployment configured
service/nginx-service unchanged

8. Получаем статус пода

admin@i-0708f24f57ea2faf3:~$ kubectl get pods
NAME                                READY   STATUS    RESTARTS   AGE
nginx-deployment-794f87f659-j9j2n   1/1     Running   0          97s

9. Смотрим логи пода

admin@i-0708f24f57ea2faf3:~$ kubectl logs nginx-deployment-794f87f659-j9j2n
/docker-entrypoint.sh: /docker-entrypoint.d/ is not empty, will attempt to perform configuration
/docker-entrypoint.sh: Looking for shell scripts in /docker-entrypoint.d/
/docker-entrypoint.sh: Launching /docker-entrypoint.d/10-listen-on-ipv6-by-default.sh
10-listen-on-ipv6-by-default.sh: info: Getting the checksum of /etc/nginx/conf.d/default.conf
10-listen-on-ipv6-by-default.sh: info: Enabled listen on IPv6 in /etc/nginx/conf.d/default.conf
/docker-entrypoint.sh: Sourcing /docker-entrypoint.d/15-local-resolvers.envsh
/docker-entrypoint.sh: Launching /docker-entrypoint.d/20-envsubst-on-templates.sh
/docker-entrypoint.sh: Launching /docker-entrypoint.d/30-tune-worker-processes.sh
/docker-entrypoint.sh: Configuration complete; ready for start up
2024/01/01 14:34:05 [notice] 1#1: using the "epoll" event method
2024/01/01 14:34:05 [notice] 1#1: nginx/1.25.3
2024/01/01 14:34:05 [notice] 1#1: built by gcc 12.2.0 (Debian 12.2.0-14)
2024/01/01 14:34:05 [notice] 1#1: OS: Linux 5.10.0-26-cloud-amd64
2024/01/01 14:34:05 [notice] 1#1: getrlimit(RLIMIT_NOFILE): 1048576:1048576
2024/01/01 14:34:05 [notice] 1#1: start worker processes
2024/01/01 14:34:05 [notice] 1#1: start worker process 29
2024/01/01 14:34:05 [notice] 1#1: start worker process 30

10. Запускаем тест из описания задачи

admin@i-0708f24f57ea2faf3:~$ curl 10.43.216.196
<!DOCTYPE html>
<html>
<head>
<title>Welcome to nginx!</title>
<style>
html { color-scheme: light dark; }
body { width: 35em; margin: 0 auto;
font-family: Tahoma, Verdana, Arial, sans-serif; }
</style>
</head>
<body>
<h1>Welcome to nginx!</h1>
<p>If you see this page, the nginx web server is successfully installed and
working. Further configuration is required.</p>

<p>For online documentation and support please refer to
<a href="http://nginx.org/">nginx.org</a>.<br/>
Commercial support is available at
<a href="http://nginx.com/">nginx.com</a>.</p>

<p><em>Thank you for using nginx.</em></p>
</body>
</html>